// Jest Snapshot v1, https://goo.gl/fbAQLP

exports[`#fromData clears the canvas 1`] = `"data:image/svg+xml;base64,PHN2ZyB4bWxucz0iaHR0cDovL3d3dy53My5vcmcvMjAwMC9zdmciIHhtbG5zOnhsaW5rPSJodHRwOi8vd3d3LnczLm9yZy8xOTk5L3hsaW5rIiB2aWV3Qm94PSIwIDAgMzAwIDE1MCIgd2lkdGg9IjMwMCIgaGVpZ2h0PSIxNTAiPjxwYXRoIGQ9Ik0gMjYuMDAwLDI3LjAwMCBDIDI2LjAwMCwzMi4wMDAgMjYuMDAwLDMyLjAwMCAyNi4wMDAsMzcuMDAwIiBzdHJva2Utd2lkdGg9IjUuNDkwIiBzdHJva2U9ImJsYWNrIiBmaWxsPSJub25lIiBzdHJva2UtbGluZWNhcD0icm91bmQiPjwvcGF0aD48cGF0aCBkPSJNIDI2LjAwMCwzNy4wMDAgQyAyNi4wMDAsMzkuNTAwIDI2LjAwMCwzOS41MDAgMjYuMDAwLDQyLjAwMCIgc3Ryb2tlLXdpZHRoPSI1LjM2NSIgc3Ryb2tlPSJibGFjayIgZmlsbD0ibm9uZSIgc3Ryb2tlLWxpbmVjYXA9InJvdW5kIj48L3BhdGg+PHBhdGggZD0iTSAyNi4wMDAsNDIuMDAwIEMgMjYuMDAwLDQ1LjAwMCAyNi4wMDAsNDUuMDAwIDI2LjAwMCw0OC4wMDAiIHN0cm9rZS13aWR0aD0iNS4yNDciIHN0cm9rZT0iYmxhY2siIGZpbGw9Im5vbmUiIHN0cm9rZS1saW5lY2FwPSJyb3VuZCI+PC9wYXRoPjxwYXRoIGQ9Ik0gMjYuMDAwLDQ4LjAwMCBDIDI2LjIwNyw1MC41MTUgMjYuMDAwLDUwLjUwMCAyNi4wMDAsNTMuMDAwIiBzdHJva2Utd2lkdGg9IjUuNDEyIiBzdHJva2U9ImJsYWNrIiBmaWxsPSJub25lIiBzdHJva2UtbGluZWNhcD0icm91bmQiPjwvcGF0aD48cGF0aCBkPSJNIDI2LjAwMCw1My4wMDAgQyAyNS4yNTEsNTYuNDgyIDI1LjcwNyw1Ni41MTUgMjUuMDAwLDYwLjAwMCIgc3Ryb2tlLXdpZHRoPSI1LjA4MSIgc3Ryb2tlPSJibGFjayIgZmlsbD0ibm9uZSIgc3Ryb2tlLWxpbmVjYXA9InJvdW5kIj48L3BhdGg+PHBhdGggZD0iTSAyNS4wMDAsNjAuMDAwIEMgMjUuMDAwLDYzLjUwMCAyNC43NTEsNjMuNDgyIDI1LjAwMCw2Ny4wMDAiIHN0cm9rZS13aWR0aD0iNS4yNTEiIHN0cm9rZT0iYmxhY2siIGZpbGw9Im5vbmUiIHN0cm9rZS1saW5lY2FwPSJyb3VuZCI+PC9wYXRoPjxwYXRoIGQ9Ik0gMjUuMDAwLDY3LjAwMCBDIDIzLjUwMCw3MS41MDAgMjUuMDAwLDcwLjAwMCAyNS4wMDAsNzMuMDAwIiBzdHJva2Utd2lkdGg9IjUuMzQ0IiBzdHJva2U9ImJsYWNrIiBmaWxsPSJub25lIiBzdHJva2UtbGluZWNhcD0icm91bmQiPjwvcGF0aD48cGF0aCBkPSJNIDI1LjAwMCw3My4wMDAgQyAyOC4wMDAsNzMuMDAwIDI2LjUwMCw3NC41MDAgMzEuMDAwLDczLjAwMCIgc3Ryb2tlLXdpZHRoPSI1LjQ1NCIgc3Ryb2tlPSJibGFjayIgZmlsbD0ibm9uZSIgc3Ryb2tlLWxpbmVjYXA9InJvdW5kIj48L3BhdGg+PHBhdGggZD0iTSAzMS4wMDAsNzMuMDAwIEMgMzQuNTIyLDczLjI2OCAzNC41MDAsNzMuMDAwIDM4LjAwMCw3My4wMDAiIHN0cm9rZS13aWR0aD0iNC44NTgiIHN0cm9rZT0iYmxhY2siIGZpbGw9Im5vbmUiIHN0cm9rZS1saW5lY2FwPSJyb3VuZCI+PC9wYXRoPjxwYXRoIGQ9Ik0gMzguMDAwLDczLjAwMCBDIDQwLjk5MCw3Mi40MzAgNDEuMDIyLDcyLjc2OCA0NC4wMDAsNzIuMDAwIiBzdHJva2Utd2lkdGg9IjQuNzgyIiBzdHJva2U9ImJsYWNrIiBmaWxsPSJub25lIiBzdHJva2UtbGluZWNhcD0icm91bmQiPjwvcGF0aD48cGF0aCBkPSJNIDQ0LjAwMCw3Mi4wMDAgQyA0OC4wMTAsNzEuNTcwIDQ3Ljk5MCw3MS40MzAgNTIuMDAwLDcxLjAwMCIgc3Ryb2tlLXdpZHRoPSI0Ljg0MyIgc3Ryb2tlPSJibGFjayIgZmlsbD0ibm9uZSIgc3Ryb2tlLWxpbmVjYXA9InJvdW5kIj48L3BhdGg+PHBhdGggZD0iTSA1Mi4wMDAsNzEuMDAwIEMgNTUuMjU2LDcxLjA5OCA1NS4wMTAsNzAuNTcwIDU4LjAwMCw3MC4wMDAiIHN0cm9rZS13aWR0aD0iNS4yODMiIHN0cm9rZT0iYmxhY2siIGZpbGw9Im5vbmUiIHN0cm9rZS1saW5lY2FwPSJyb3VuZCI+PC9wYXRoPjxwYXRoIGQ9Ik0gNTguMDAwLDcwLjAwMCBDIDYxLjA5MSw2OS4wNDUgNjAuMjU2LDY5LjA5OCA2Mi4wMDAsNjcuMDAwIiBzdHJva2Utd2lkdGg9IjUuNDc3IiBzdHJva2U9ImJsYWNrIiBmaWxsPSJub25lIiBzdHJva2UtbGluZWNhcD0icm91bmQiPjwvcGF0aD48cGF0aCBkPSJNIDYyLjAwMCw2Ny4wMDAgQyA2Mi4yOTYsNjMuOTY0IDYzLjA5MSw2NC41NDUgNjIuMDAwLDYxLjAwMCIgc3Ryb2tlLXdpZHRoPSI1LjQ0MCIgc3Ryb2tlPSJibGFjayIgZmlsbD0ibm9uZSIgc3Ryb2tlLWxpbmVjYXA9InJvdW5kIj48L3BhdGg+PHBhdGggZD0iTSA2Mi4wMDAsNjEuMDAwIEMgNjEuNDA0LDU5LjAyMCA2MS43OTYsNTguOTY0IDYxLjAwMCw1Ny4wMDAiIHN0cm9rZS13aWR0aD0iNS41MTciIHN0cm9rZT0iYmxhY2siIGZpbGw9Im5vbmUiIHN0cm9rZS1saW5lY2FwPSJyb3VuZCI+PC9wYXRoPjxwYXRoIGQ9Ik0gNjEuMDAwLDU3LjAwMCBDIDYwLjUwMCw1NC4wMDAgNjAuNDA0LDU0LjAyMCA2MC4wMDAsNTEuMDAwIiBzdHJva2Utd2lkdGg9IjUuNTI1IiBzdHJva2U9ImJsYWNrIiBmaWxsPSJub25lIiBzdHJva2UtbGluZWNhcD0icm91bmQiPjwvcGF0aD48cGF0aCBkPSJNIDYwLjAwMCw1MS4wMDAgQyA1OS4yNTIsNDguMDIxIDU5LjUwMCw0OC4wMDAgNTkuMDAwLDQ1LjAwMCIgc3Ryb2tlLXdpZHRoPSI1LjQzNyIgc3Ryb2tlPSJibGFjayIgZmlsbD0ibm9uZSIgc3Ryb2tlLWxpbmVjYXA9InJvdW5kIj48L3BhdGg+PHBhdGggZD0iTSA1OS4wMDAsNDUuMDAwIEMgNTkuMDAwLDQyLjAwMCA1OC43NTIsNDIuMDIxIDU5LjAwMCwzOS4wMDAiIHN0cm9rZS13aWR0aD0iNS40NjYiIHN0cm9rZT0iYmxhY2siIGZpbGw9Im5vbmUiIHN0cm9rZS1saW5lY2FwPSJyb3VuZCI+PC9wYXRoPjxwYXRoIGQ9Ik0gNTkuMDAwLDM5LjAwMCBDIDYwLjQxNiwzNS4xMjUgNTkuMDAwLDM2LjAwMCA1OS4wMDAsMzMuMDAwIiBzdHJva2Utd2lkdGg9IjUuMTYzIiBzdHJva2U9ImJsYWNrIiBmaWxsPSJub25lIiBzdHJva2UtbGluZWNhcD0icm91bmQiPjwvcGF0aD48cGF0aCBkPSJNIDU5LjAwMCwzMy4wMDAgQyA1Ni4xNjcsMzAuNzkyIDU3LjQxNiwzMC42MjUgNTMuMDAwLDMwLjAwMCIgc3Ryb2tlLXdpZHRoPSI1LjQyNSIgc3Ryb2tlPSJibGFjayIgZmlsbD0ibm9uZSIgc3Ryb2tlLWxpbmVjYXA9InJvdW5kIj48L3BhdGg+PHBhdGggZD0iTSA1My4wMDAsMzAuMDAwIEMgNTAuMDAwLDMwLjAwMCA1MC4xNjcsMjkuMjkyIDQ3LjAwMCwzMC4wMDAiIHN0cm9rZS13aWR0aD0iNS4xMzciIHN0cm9rZT0iYmxhY2siIGZpbGw9Im5vbmUiIHN0cm9rZS1saW5lY2FwPSJyb3VuZCI+PC9wYXRoPjxwYXRoIGQ9Ik0gNDcuMDAwLDMwLjAwMCBDIDQ0LjUwMCwzMC4wMDAgNDQuNTAwLDMwLjAwMCA0Mi4wMDAsMzAuMDAwIiBzdHJva2Utd2lkdGg9IjUuMzAyIiBzdHJva2U9ImJsYWNrIiBmaWxsPSJub25lIiBzdHJva2UtbGluZWNhcD0icm91bmQiPjwvcGF0aD48cGF0aCBkPSJNIDQyLjAwMCwzMC4wMDAgQyAzOC41MDAsMzAuMDAwIDM4LjUwMCwzMC4wMDAgMzUuMDAwLDMwLjAwMCIgc3Ryb2tlLXdpZHRoPSI1LjI3MyIgc3Ryb2tlPSJibGFjayIgZmlsbD0ibm9uZSIgc3Ryb2tlLWxpbmVjYXA9InJvdW5kIj48L3BhdGg+PC9zdmc+"`;

exports[`#fromData does not clear the canvas 1`] = `"data:image/svg+xml;base64,PHN2ZyB4bWxucz0iaHR0cDovL3d3dy53My5vcmcvMjAwMC9zdmciIHhtbG5zOnhsaW5rPSJodHRwOi8vd3d3LnczLm9yZy8xOTk5L3hsaW5rIiB2aWV3Qm94PSIwIDAgMzAwIDE1MCIgd2lkdGg9IjMwMCIgaGVpZ2h0PSIxNTAiPjxjaXJjbGUgcj0iMS41IiBjeD0iMTI1IiBjeT0iNTQiIGZpbGw9ImJsYWNrIj48L2NpcmNsZT48Y2lyY2xlIHI9IjEuNSIgY3g9IjE3NSIgY3k9IjU0IiBmaWxsPSJibGFjayI+PC9jaXJjbGU+PHBhdGggZD0iTSA4My4wMDAsNTcuMDAwIEMgODMuMTc0LDYwLjUxMCA4NC4wMDAsNjAuMDAwIDg1LjAwMCw2My4wMDAiIHN0cm9rZS13aWR0aD0iNS41MDgiIHN0cm9rZT0iYmxhY2siIGZpbGw9Im5vbmUiIHN0cm9rZS1saW5lY2FwPSJyb3VuZCI+PC9wYXRoPjxwYXRoIGQ9Ik0gODUuMDAwLDYzLjAwMCBDIDg5LjA2MCw2OC4wNDggODguNjc0LDY4LjAxMCA5NC4wMDAsNzIuMDAwIiBzdHJva2Utd2lkdGg9IjQuNDA3IiBzdHJva2U9ImJsYWNrIiBmaWxsPSJub25lIiBzdHJva2UtbGluZWNhcD0icm91bmQiPjwvcGF0aD48cGF0aCBkPSJNIDk0LjAwMCw3Mi4wMDAgQyA5OS40ODgsNzUuNTE5IDk5LjA2MCw3Ni4wNDggMTA1LjAwMCw3OS4wMDAiIHN0cm9rZS13aWR0aD0iMy40MDIiIHN0cm9rZT0iYmxhY2siIGZpbGw9Im5vbmUiIHN0cm9rZS1saW5lY2FwPSJyb3VuZCI+PC9wYXRoPjxwYXRoIGQ9Ik0gMTA1LjAwMCw3OS4wMDAgQyAxMDguNzAwLDgyLjE1NyAxMDguOTg4LDgxLjUxOSAxMTMuMDAwLDg0LjAwMCIgc3Ryb2tlLXdpZHRoPSIzLjQ5NyIgc3Ryb2tlPSJibGFjayIgZmlsbD0ibm9uZSIgc3Ryb2tlLWxpbmVjYXA9InJvdW5kIj48L3BhdGg+PHBhdGggZD0iTSAxMTMuMDAwLDg0LjAwMCBDIDExOS41MDAsODYuMDAwIDExOS4yMDAsODYuNjU3IDEyNi4wMDAsODguMDAwIiBzdHJva2Utd2lkdGg9IjMuMjI4IiBzdHJva2U9ImJsYWNrIiBmaWxsPSJub25lIiBzdHJva2UtbGluZWNhcD0icm91bmQiPjwvcGF0aD48cGF0aCBkPSJNIDEyNi4wMDAsODguMDAwIEMgMTMyLjQwMiw5MC40MTYgMTMyLjUwMCw5MC4wMDAgMTM5LjAwMCw5Mi4wMDAiIHN0cm9rZS13aWR0aD0iMy4yMTEiIHN0cm9rZT0iYmxhY2siIGZpbGw9Im5vbmUiIHN0cm9rZS1saW5lY2FwPSJyb3VuZCI+PC9wYXRoPjxwYXRoIGQ9Ik0gMTM5LjAwMCw5Mi4wMDAgQyAxNDQuOTYxLDkzLjQ3NSAxNDQuOTAyLDkzLjQxNiAxNTEuMDAwLDk0LjAwMCIgc3Ryb2tlLXdpZHRoPSIzLjI1OCIgc3Ryb2tlPSJibGFjayIgZmlsbD0ibm9uZSIgc3Ryb2tlLWxpbmVjYXA9InJvdW5kIj48L3BhdGg+PHBhdGggZD0iTSAxNTEuMDAwLDk0LjAwMCBDIDE1Ni41NjksOTQuNjUyIDE1Ni40NjEsOTQuNDc1IDE2Mi4wMDAsOTQuMDAwIiBzdHJva2Utd2lkdGg9IjMuMzY2IiBzdHJva2U9ImJsYWNrIiBmaWxsPSJub25lIiBzdHJva2UtbGluZWNhcD0icm91bmQiPjwvcGF0aD48cGF0aCBkPSJNIDE2Mi4wMDAsOTQuMDAwIEMgMTY4Ljk5Miw5Mi40NjAgMTY5LjA2OSw5My4xNTIgMTc2LjAwMCw5MS4wMDAiIHN0cm9rZS13aWR0aD0iMy4wNzgiIHN0cm9rZT0iYmxhY2siIGZpbGw9Im5vbmUiIHN0cm9rZS1saW5lY2FwPSJyb3VuZCI+PC9wYXRoPjxwYXRoIGQ9Ik0gMTc2LjAwMCw5MS4wMDAgQyAxODEuMDcyLDkwLjI4NSAxODAuOTkyLDg5Ljk2MCAxODYuMDAwLDg5LjAwMCIgc3Ryb2tlLXdpZHRoPSIzLjM3MiIgc3Ryb2tlPSJibGFjayIgZmlsbD0ibm9uZSIgc3Ryb2tlLWxpbmVjYXA9InJvdW5kIj48L3BhdGg+PHBhdGggZD0iTSAxODYuMDAwLDg5LjAwMCBDIDE5Mi41ODIsODcuMjMyIDE5Mi41NzIsODcuMjg1IDE5OS4wMDAsODUuMDAwIiBzdHJva2Utd2lkdGg9IjMuMTMzIiBzdHJva2U9ImJsYWNrIiBmaWxsPSJub25lIiBzdHJva2UtbGluZWNhcD0icm91bmQiPjwvcGF0aD48cGF0aCBkPSJNIDE5OS4wMDAsODUuMDAwIEMgMjA0LjI5Nyw4My41NjUgMjA0LjA4Miw4My4yMzIgMjA5LjAwMCw4MS4wMDAiIHN0cm9rZS13aWR0aD0iMy4yOTAiIHN0cm9rZT0iYmxhY2siIGZpbGw9Im5vbmUiIHN0cm9rZS1saW5lY2FwPSJyb3VuZCI+PC9wYXRoPjxwYXRoIGQ9Ik0gMjA5LjAwMCw4MS4wMDAgQyAyMTUuMzM0LDc3LjQwNyAyMTUuMjk3LDc3LjU2NSAyMjEuMDAwLDczLjAwMCIgc3Ryb2tlLXdpZHRoPSIzLjExMyIgc3Ryb2tlPSJibGFjayIgZmlsbD0ibm9uZSIgc3Ryb2tlLWxpbmVjYXA9InJvdW5kIj48L3BhdGg+PHBhdGggZD0iTSAyMjEuMDAwLDczLjAwMCBDIDIyNC4xMTUsNzAuMTA3IDIyNC4zMzQsNzAuNDA3IDIyNy4wMDAsNjcuMDAwIiBzdHJva2Utd2lkdGg9IjMuNTM1IiBzdHJva2U9ImJsYWNrIiBmaWxsPSJub25lIiBzdHJva2UtbGluZWNhcD0icm91bmQiPjwvcGF0aD48cGF0aCBkPSJNIDI2LjAwMCwyNy4wMDAgQyAyNi4wMDAsMzIuMDAwIDI2LjAwMCwzMi4wMDAgMjYuMDAwLDM3LjAwMCIgc3Ryb2tlLXdpZHRoPSI1LjQ5MCIgc3Ryb2tlPSJibGFjayIgZmlsbD0ibm9uZSIgc3Ryb2tlLWxpbmVjYXA9InJvdW5kIj48L3BhdGg+PHBhdGggZD0iTSAyNi4wMDAsMzcuMDAwIEMgMjYuMDAwLDM5LjUwMCAyNi4wMDAsMzkuNTAwIDI2LjAwMCw0Mi4wMDAiIHN0cm9rZS13aWR0aD0iNS4zNjUiIHN0cm9rZT0iYmxhY2siIGZpbGw9Im5vbmUiIHN0cm9rZS1saW5lY2FwPSJyb3VuZCI+PC9wYXRoPjxwYXRoIGQ9Ik0gMjYuMDAwLDQyLjAwMCBDIDI2LjAwMCw0NS4wMDAgMjYuMDAwLDQ1LjAwMCAyNi4wMDAsNDguMDAwIiBzdHJva2Utd2lkdGg9IjUuMjQ3IiBzdHJva2U9ImJsYWNrIiBmaWxsPSJub25lIiBzdHJva2UtbGluZWNhcD0icm91bmQiPjwvcGF0aD48cGF0aCBkPSJNIDI2LjAwMCw0OC4wMDAgQyAyNi4yMDcsNTAuNTE1IDI2LjAwMCw1MC41MDAgMjYuMDAwLDUzLjAwMCIgc3Ryb2tlLXdpZHRoPSI1LjQxMiIgc3Ryb2tlPSJibGFjayIgZmlsbD0ibm9uZSIgc3Ryb2tlLWxpbmVjYXA9InJvdW5kIj48L3BhdGg+PHBhdGggZD0iTSAyNi4wMDAsNTMuMDAwIEMgMjUuMjUxLDU2LjQ4MiAyNS43MDcsNTYuNTE1IDI1LjAwMCw2MC4wMDAiIHN0cm9rZS13aWR0aD0iNS4wODEiIHN0cm9rZT0iYmxhY2siIGZpbGw9Im5vbmUiIHN0cm9rZS1saW5lY2FwPSJyb3VuZCI+PC9wYXRoPjxwYXRoIGQ9Ik0gMjUuMDAwLDYwLjAwMCBDIDI1LjAwMCw2My41MDAgMjQuNzUxLDYzLjQ4MiAyNS4wMDAsNjcuMDAwIiBzdHJva2Utd2lkdGg9IjUuMjUxIiBzdHJva2U9ImJsYWNrIiBmaWxsPSJub25lIiBzdHJva2UtbGluZWNhcD0icm91bmQiPjwvcGF0aD48cGF0aCBkPSJNIDI1LjAwMCw2Ny4wMDAgQyAyMy41MDAsNzEuNTAwIDI1LjAwMCw3MC4wMDAgMjUuMDAwLDczLjAwMCIgc3Ryb2tlLXdpZHRoPSI1LjM0NCIgc3Ryb2tlPSJibGFjayIgZmlsbD0ibm9uZSIgc3Ryb2tlLWxpbmVjYXA9InJvdW5kIj48L3BhdGg+PHBhdGggZD0iTSAyNS4wMDAsNzMuMDAwIEMgMjguMDAwLDczLjAwMCAyNi41MDAsNzQuNTAwIDMxLjAwMCw3My4wMDAiIHN0cm9rZS13aWR0aD0iNS40NTQiIHN0cm9rZT0iYmxhY2siIGZpbGw9Im5vbmUiIHN0cm9rZS1saW5lY2FwPSJyb3VuZCI+PC9wYXRoPjxwYXRoIGQ9Ik0gMzEuMDAwLDczLjAwMCBDIDM0LjUyMiw3My4yNjggMzQuNTAwLDczLjAwMCAzOC4wMDAsNzMuMDAwIiBzdHJva2Utd2lkdGg9IjQuODU4IiBzdHJva2U9ImJsYWNrIiBmaWxsPSJub25lIiBzdHJva2UtbGluZWNhcD0icm91bmQiPjwvcGF0aD48cGF0aCBkPSJNIDM4LjAwMCw3My4wMDAgQyA0MC45OTAsNzIuNDMwIDQxLjAyMiw3Mi43NjggNDQuMDAwLDcyLjAwMCIgc3Ryb2tlLXdpZHRoPSI0Ljc4MiIgc3Ryb2tlPSJibGFjayIgZmlsbD0ibm9uZSIgc3Ryb2tlLWxpbmVjYXA9InJvdW5kIj48L3BhdGg+PHBhdGggZD0iTSA0NC4wMDAsNzIuMDAwIEMgNDguMDEwLDcxLjU3MCA0Ny45OTAsNzEuNDMwIDUyLjAwMCw3MS4wMDAiIHN0cm9rZS13aWR0aD0iNC44NDMiIHN0cm9rZT0iYmxhY2siIGZpbGw9Im5vbmUiIHN0cm9rZS1saW5lY2FwPSJyb3VuZCI+PC9wYXRoPjxwYXRoIGQ9Ik0gNTIuMDAwLDcxLjAwMCBDIDU1LjI1Niw3MS4wOTggNTUuMDEwLDcwLjU3MCA1OC4wMDAsNzAuMDAwIiBzdHJva2Utd2lkdGg9IjUuMjgzIiBzdHJva2U9ImJsYWNrIiBmaWxsPSJub25lIiBzdHJva2UtbGluZWNhcD0icm91bmQiPjwvcGF0aD48cGF0aCBkPSJNIDU4LjAwMCw3MC4wMDAgQyA2MS4wOTEsNjkuMDQ1IDYwLjI1Niw2OS4wOTggNjIuMDAwLDY3LjAwMCIgc3Ryb2tlLXdpZHRoPSI1LjQ3NyIgc3Ryb2tlPSJibGFjayIgZmlsbD0ibm9uZSIgc3Ryb2tlLWxpbmVjYXA9InJvdW5kIj48L3BhdGg+PHBhdGggZD0iTSA2Mi4wMDAsNjcuMDAwIEMgNjIuMjk2LDYzLjk2NCA2My4wOTEsNjQuNTQ1IDYyLjAwMCw2MS4wMDAiIHN0cm9rZS13aWR0aD0iNS40NDAiIHN0cm9rZT0iYmxhY2siIGZpbGw9Im5vbmUiIHN0cm9rZS1saW5lY2FwPSJyb3VuZCI+PC9wYXRoPjxwYXRoIGQ9Ik0gNjIuMDAwLDYxLjAwMCBDIDYxLjQwNCw1OS4wMjAgNjEuNzk2LDU4Ljk2NCA2MS4wMDAsNTcuMDAwIiBzdHJva2Utd2lkdGg9IjUuNTE3IiBzdHJva2U9ImJsYWNrIiBmaWxsPSJub25lIiBzdHJva2UtbGluZWNhcD0icm91bmQiPjwvcGF0aD48cGF0aCBkPSJNIDYxLjAwMCw1Ny4wMDAgQyA2MC41MDAsNTQuMDAwIDYwLjQwNCw1NC4wMjAgNjAuMDAwLDUxLjAwMCIgc3Ryb2tlLXdpZHRoPSI1LjUyNSIgc3Ryb2tlPSJibGFjayIgZmlsbD0ibm9uZSIgc3Ryb2tlLWxpbmVjYXA9InJvdW5kIj48L3BhdGg+PHBhdGggZD0iTSA2MC4wMDAsNTEuMDAwIEMgNTkuMjUyLDQ4LjAyMSA1OS41MDAsNDguMDAwIDU5LjAwMCw0NS4wMDAiIHN0cm9rZS13aWR0aD0iNS40MzciIHN0cm9rZT0iYmxhY2siIGZpbGw9Im5vbmUiIHN0cm9rZS1saW5lY2FwPSJyb3VuZCI+PC9wYXRoPjxwYXRoIGQ9Ik0gNTkuMDAwLDQ1LjAwMCBDIDU5LjAwMCw0Mi4wMDAgNTguNzUyLDQyLjAyMSA1OS4wMDAsMzkuMDAwIiBzdHJva2Utd2lkdGg9IjUuNDY2IiBzdHJva2U9ImJsYWNrIiBmaWxsPSJub25lIiBzdHJva2UtbGluZWNhcD0icm91bmQiPjwvcGF0aD48cGF0aCBkPSJNIDU5LjAwMCwzOS4wMDAgQyA2MC40MTYsMzUuMTI1IDU5LjAwMCwzNi4wMDAgNTkuMDAwLDMzLjAwMCIgc3Ryb2tlLXdpZHRoPSI1LjE2MyIgc3Ryb2tlPSJibGFjayIgZmlsbD0ibm9uZSIgc3Ryb2tlLWxpbmVjYXA9InJvdW5kIj48L3BhdGg+PHBhdGggZD0iTSA1OS4wMDAsMzMuMDAwIEMgNTYuMTY3LDMwLjc5MiA1Ny40MTYsMzAuNjI1IDUzLjAwMCwzMC4wMDAiIHN0cm9rZS13aWR0aD0iNS40MjUiIHN0cm9rZT0iYmxhY2siIGZpbGw9Im5vbmUiIHN0cm9rZS1saW5lY2FwPSJyb3VuZCI+PC9wYXRoPjxwYXRoIGQ9Ik0gNTMuMDAwLDMwLjAwMCBDIDUwLjAwMCwzMC4wMDAgNTAuMTY3LDI5LjI5MiA0Ny4wMDAsMzAuMDAwIiBzdHJva2Utd2lkdGg9IjUuMTM3IiBzdHJva2U9ImJsYWNrIiBmaWxsPSJub25lIiBzdHJva2UtbGluZWNhcD0icm91bmQiPjwvcGF0aD48cGF0aCBkPSJNIDQ3LjAwMCwzMC4wMDAgQyA0NC41MDAsMzAuMDAwIDQ0LjUwMCwzMC4wMDAgNDIuMDAwLDMwLjAwMCIgc3Ryb2tlLXdpZHRoPSI1LjMwMiIgc3Ryb2tlPSJibGFjayIgZmlsbD0ibm9uZSIgc3Ryb2tlLWxpbmVjYXA9InJvdW5kIj48L3BhdGg+PHBhdGggZD0iTSA0Mi4wMDAsMzAuMDAwIEMgMzguNTAwLDMwLjAwMCAzOC41MDAsMzAuMDAwIDM1LjAwMCwzMC4wMDAiIHN0cm9rZS13aWR0aD0iNS4yNzMiIHN0cm9rZT0iYmxhY2siIGZpbGw9Im5vbmUiIHN0cm9rZS1saW5lY2FwPSJyb3VuZCI+PC9wYXRoPjwvc3ZnPg=="`;

exports[`#toDataURL returns SVG image in data URL format 1`] = `"data:image/svg+xml;base64,PHN2ZyB4bWxucz0iaHR0cDovL3d3dy53My5vcmcvMjAwMC9zdmciIHhtbG5zOnhsaW5rPSJodHRwOi8vd3d3LnczLm9yZy8xOTk5L3hsaW5rIiB2aWV3Qm94PSIwIDAgMzAwIDE1MCIgd2lkdGg9IjMwMCIgaGVpZ2h0PSIxNTAiPjxjaXJjbGUgcj0iMS41IiBjeD0iMTI1IiBjeT0iNTQiIGZpbGw9ImJsYWNrIj48L2NpcmNsZT48Y2lyY2xlIHI9IjEuNSIgY3g9IjE3NSIgY3k9IjU0IiBmaWxsPSJibGFjayI+PC9jaXJjbGU+PHBhdGggZD0iTSA4My4wMDAsNTcuMDAwIEMgODMuMTc0LDYwLjUxMCA4NC4wMDAsNjAuMDAwIDg1LjAwMCw2My4wMDAiIHN0cm9rZS13aWR0aD0iNS41MDgiIHN0cm9rZT0iYmxhY2siIGZpbGw9Im5vbmUiIHN0cm9rZS1saW5lY2FwPSJyb3VuZCI+PC9wYXRoPjxwYXRoIGQ9Ik0gODUuMDAwLDYzLjAwMCBDIDg5LjA2MCw2OC4wNDggODguNjc0LDY4LjAxMCA5NC4wMDAsNzIuMDAwIiBzdHJva2Utd2lkdGg9IjQuNDA3IiBzdHJva2U9ImJsYWNrIiBmaWxsPSJub25lIiBzdHJva2UtbGluZWNhcD0icm91bmQiPjwvcGF0aD48cGF0aCBkPSJNIDk0LjAwMCw3Mi4wMDAgQyA5OS40ODgsNzUuNTE5IDk5LjA2MCw3Ni4wNDggMTA1LjAwMCw3OS4wMDAiIHN0cm9rZS13aWR0aD0iMy40MDIiIHN0cm9rZT0iYmxhY2siIGZpbGw9Im5vbmUiIHN0cm9rZS1saW5lY2FwPSJyb3VuZCI+PC9wYXRoPjxwYXRoIGQ9Ik0gMTA1LjAwMCw3OS4wMDAgQyAxMDguNzAwLDgyLjE1NyAxMDguOTg4LDgxLjUxOSAxMTMuMDAwLDg0LjAwMCIgc3Ryb2tlLXdpZHRoPSIzLjQ5NyIgc3Ryb2tlPSJibGFjayIgZmlsbD0ibm9uZSIgc3Ryb2tlLWxpbmVjYXA9InJvdW5kIj48L3BhdGg+PHBhdGggZD0iTSAxMTMuMDAwLDg0LjAwMCBDIDExOS41MDAsODYuMDAwIDExOS4yMDAsODYuNjU3IDEyNi4wMDAsODguMDAwIiBzdHJva2Utd2lkdGg9IjMuMjI4IiBzdHJva2U9ImJsYWNrIiBmaWxsPSJub25lIiBzdHJva2UtbGluZWNhcD0icm91bmQiPjwvcGF0aD48cGF0aCBkPSJNIDEyNi4wMDAsODguMDAwIEMgMTMyLjQwMiw5MC40MTYgMTMyLjUwMCw5MC4wMDAgMTM5LjAwMCw5Mi4wMDAiIHN0cm9rZS13aWR0aD0iMy4yMTEiIHN0cm9rZT0iYmxhY2siIGZpbGw9Im5vbmUiIHN0cm9rZS1saW5lY2FwPSJyb3VuZCI+PC9wYXRoPjxwYXRoIGQ9Ik0gMTM5LjAwMCw5Mi4wMDAgQyAxNDQuOTYxLDkzLjQ3NSAxNDQuOTAyLDkzLjQxNiAxNTEuMDAwLDk0LjAwMCIgc3Ryb2tlLXdpZHRoPSIzLjI1OCIgc3Ryb2tlPSJibGFjayIgZmlsbD0ibm9uZSIgc3Ryb2tlLWxpbmVjYXA9InJvdW5kIj48L3BhdGg+PHBhdGggZD0iTSAxNTEuMDAwLDk0LjAwMCBDIDE1Ni41NjksOTQuNjUyIDE1Ni40NjEsOTQuNDc1IDE2Mi4wMDAsOTQuMDAwIiBzdHJva2Utd2lkdGg9IjMuMzY2IiBzdHJva2U9ImJsYWNrIiBmaWxsPSJub25lIiBzdHJva2UtbGluZWNhcD0icm91bmQiPjwvcGF0aD48cGF0aCBkPSJNIDE2Mi4wMDAsOTQuMDAwIEMgMTY4Ljk5Miw5Mi40NjAgMTY5LjA2OSw5My4xNTIgMTc2LjAwMCw5MS4wMDAiIHN0cm9rZS13aWR0aD0iMy4wNzgiIHN0cm9rZT0iYmxhY2siIGZpbGw9Im5vbmUiIHN0cm9rZS1saW5lY2FwPSJyb3VuZCI+PC9wYXRoPjxwYXRoIGQ9Ik0gMTc2LjAwMCw5MS4wMDAgQyAxODEuMDcyLDkwLjI4NSAxODAuOTkyLDg5Ljk2MCAxODYuMDAwLDg5LjAwMCIgc3Ryb2tlLXdpZHRoPSIzLjM3MiIgc3Ryb2tlPSJibGFjayIgZmlsbD0ibm9uZSIgc3Ryb2tlLWxpbmVjYXA9InJvdW5kIj48L3BhdGg+PHBhdGggZD0iTSAxODYuMDAwLDg5LjAwMCBDIDE5Mi41ODIsODcuMjMyIDE5Mi41NzIsODcuMjg1IDE5OS4wMDAsODUuMDAwIiBzdHJva2Utd2lkdGg9IjMuMTMzIiBzdHJva2U9ImJsYWNrIiBmaWxsPSJub25lIiBzdHJva2UtbGluZWNhcD0icm91bmQiPjwvcGF0aD48cGF0aCBkPSJNIDE5OS4wMDAsODUuMDAwIEMgMjA0LjI5Nyw4My41NjUgMjA0LjA4Miw4My4yMzIgMjA5LjAwMCw4MS4wMDAiIHN0cm9rZS13aWR0aD0iMy4yOTAiIHN0cm9rZT0iYmxhY2siIGZpbGw9Im5vbmUiIHN0cm9rZS1saW5lY2FwPSJyb3VuZCI+PC9wYXRoPjxwYXRoIGQ9Ik0gMjA5LjAwMCw4MS4wMDAgQyAyMTUuMzM0LDc3LjQwNyAyMTUuMjk3LDc3LjU2NSAyMjEuMDAwLDczLjAwMCIgc3Ryb2tlLXdpZHRoPSIzLjExMyIgc3Ryb2tlPSJibGFjayIgZmlsbD0ibm9uZSIgc3Ryb2tlLWxpbmVjYXA9InJvdW5kIj48L3BhdGg+PHBhdGggZD0iTSAyMjEuMDAwLDczLjAwMCBDIDIyNC4xMTUsNzAuMTA3IDIyNC4zMzQsNzAuNDA3IDIyNy4wMDAsNjcuMDAwIiBzdHJva2Utd2lkdGg9IjMuNTM1IiBzdHJva2U9ImJsYWNrIiBmaWxsPSJub25lIiBzdHJva2UtbGluZWNhcD0icm91bmQiPjwvcGF0aD48L3N2Zz4="`;

exports[`user interactions allows user to paint on the pad 1`] = `"data:image/svg+xml;base64,PHN2ZyB4bWxucz0iaHR0cDovL3d3dy53My5vcmcvMjAwMC9zdmciIHhtbG5zOnhsaW5rPSJodHRwOi8vd3d3LnczLm9yZy8xOTk5L3hsaW5rIiB2aWV3Qm94PSIwIDAgMzAwIDE1MCIgd2lkdGg9IjMwMCIgaGVpZ2h0PSIxNTAiPjxjaXJjbGUgcj0iMS41IiBjeD0iNTAiIGN5PSIzMCIgZmlsbD0iYmxhY2siPjwvY2lyY2xlPjxjaXJjbGUgcj0iMS41IiBjeD0iMjQwIiBjeT0iMzAiIGZpbGw9ImJsYWNrIj48L2NpcmNsZT48Y2lyY2xlIHI9IjEuNSIgY3g9IjE1MCIgY3k9IjEyMCIgZmlsbD0iYmxhY2siPjwvY2lyY2xlPjwvc3ZnPg=="`;
